// Jest Snapshot v1, https://goo.gl/fbAQLP

exports[`Input props: null 1`] = `
.c0 {
  border-radius: 4px;
  border: 1px solid #d9d9d9;
  cursor: text;
  line-height: 1.5;
  font-size: 12px;
  height: 28px;
  display: inline-block;
  padding: 2px 3px;
  font-family: inherit;
  margin: 0;
  width: 100%;
  -webkit-transition: all 0.3s;
  transition: all 0.3s;
  -webkit-tap-highlight-color: rgba(0,0,0,0);
  background-image: none;
  color: rgba(0,0,0,0.65);
  outline: none;
}

.c0:hover {
  border-color: #49a9ee;
}

.c0:focus {
  box-shadow: 0 0 0 2px rgba(16,142,233,0.2);
}

<input
  className="c0"
  defaultValue={undefined}
  onChange={[Function]}
  onKeyDown={[Function]}
  onKeyPress={[Function]}
  onKeyUp={[Function]}
  value=""
/>
`;
