// Jest Snapshot v1, https://goo.gl/fbAQLP

exports[`popconfirm Demo Component JSON 1`] = `
.c1 {
  display: inline-block;
  margin-bottom: 0;
  box-sizing: border-box;
  text-align: center;
  touch-action: manipulation;
  cursor: pointer;
  white-space: nowrap;
  line-height: 1;
  font-family: Trebuchet Ms,Arial,Helvetica,sans-serif;
  -webkit-user-select: none;
  -moz-user-select: none;
  -ms-user-select: none;
  user-select: none;
  -webkit-transition: all 0.3s cubic-bezier(0.645,0.045,0.355,1);
  transition: all 0.3s cubic-bezier(0.645,0.045,0.355,1);
  position: relative;
  text-transform: none;
  outline: 0;
  color: #666666;
  background-color: #ffffff;
  border: 1px solid #cccccc;
  padding: 0 1.2857142857142858em;
  font-size: 1.4rem;
  border-radius: 0.28571428571428575em;
}

.c1:hover {
  color: #8090ff;
  border: 1px solid #8090ff;
  background-color: rgba(77,99,255,0.05);
}

.c1:focus {
  color: #8090ff;
  border: 1px solid #8090ff;
  background-color: rgba(77,99,255,0.05);
}

.c1:active {
  color: #3e4fcc;
  border: 1px solid #3e4fcc;
}

.c2 {
  display: inline-block;
  line-height: 2.142857142857143em;
}

.c4 {
  line-height: 1.5;
  display: inline-block;
  font-family: inherit;
  -webkit-transition: all 0.3s;
  transition: all 0.3s;
  outline: none;
  width: 20rem;
  height: 3.2rem;
  cursor: text;
  border-top-width: 0.1rem;
  border-top-style: solid;
  border-top-color: #cccccc;
  border-bottom-width: 0.1rem;
  border-bottom-style: solid;
  border-bottom-color: #cccccc;
  border-left-width: 0.1rem;
  border-left-style: solid;
  border-left-color: #cccccc;
  border-right-width: 0.1rem;
  border-right-style: solid;
  border-right-color: #cccccc;
  border-top-left-radius: 0.4rem;
  border-top-right-radius: 0.4rem;
  border-bottom-right-radius: 0.4rem;
  border-bottom-left-radius: 0.4rem;
}

.c4::-webkit-input-placeholder {
  color: #ccc;
}

.c4::-moz-placeholder {
  color: #ccc;
}

.c4:-ms-input-placeholder {
  color: #ccc;
}

.c4::placeholder {
  color: #ccc;
}

.c3 {
  position: relative;
  display: inline-block;
  outline: none;
}

.c0 {
  margin: 100px;
}

<div
  className="c0"
>
  <div
    style={
      Object {
        "marginLeft": 50,
        "whiteSpace": "nowrap",
      }
    }
  >
    <button
      className="c1"
      onClick={[Function]}
      onMouseDown={[Function]}
      onMouseEnter={[Function]}
      onMouseOut={[Function]}
      onMouseOver={[Function]}
      onMouseUp={[Function]}
      size="default"
    >
      <span
        className="c2"
        size="default"
      >
        TL
      </span>
    </button>
    <button
      className="c1"
      onClick={[Function]}
      onMouseDown={[Function]}
      onMouseEnter={[Function]}
      onMouseOut={[Function]}
      onMouseOver={[Function]}
      onMouseUp={[Function]}
      size="default"
    >
      <span
        className="c2"
        size="default"
      >
        Top
      </span>
    </button>
    <button
      className="c1"
      onClick={[Function]}
      onMouseDown={[Function]}
      onMouseEnter={[Function]}
      onMouseOut={[Function]}
      onMouseOver={[Function]}
      onMouseUp={[Function]}
      size="default"
    >
      <span
        className="c2"
        size="default"
      >
        TR
      </span>
    </button>
  </div>
  <div
    style={
      Object {
        "float": "left",
        "width": 70,
      }
    }
  >
    <button
      className="c1"
      onClick={[Function]}
      onMouseDown={[Function]}
      onMouseEnter={[Function]}
      onMouseOut={[Function]}
      onMouseOver={[Function]}
      onMouseUp={[Function]}
      size="default"
    >
      <span
        className="c2"
        size="default"
      >
        LT
      </span>
    </button>
    <button
      className="c1"
      onClick={[Function]}
      onMouseDown={[Function]}
      onMouseEnter={[Function]}
      onMouseOut={[Function]}
      onMouseOver={[Function]}
      onMouseUp={[Function]}
      size="default"
    >
      <span
        className="c2"
        size="default"
      >
        Left
      </span>
    </button>
    <button
      className="c1"
      onClick={[Function]}
      onMouseDown={[Function]}
      onMouseEnter={[Function]}
      onMouseOut={[Function]}
      onMouseOver={[Function]}
      onMouseUp={[Function]}
      size="default"
    >
      <span
        className="c2"
        size="default"
      >
        LB
      </span>
    </button>
  </div>
  <div
    style={
      Object {
        "marginLeft": 200,
        "width": 70,
      }
    }
  >
    <button
      className="c1"
      onClick={[Function]}
      onMouseDown={[Function]}
      onMouseEnter={[Function]}
      onMouseOut={[Function]}
      onMouseOver={[Function]}
      onMouseUp={[Function]}
      size="default"
    >
      <span
        className="c2"
        size="default"
      >
        RT
      </span>
    </button>
    <button
      className="c1"
      onClick={[Function]}
      onMouseDown={[Function]}
      onMouseEnter={[Function]}
      onMouseOut={[Function]}
      onMouseOver={[Function]}
      onMouseUp={[Function]}
      size="default"
    >
      <span
        className="c2"
        size="default"
      >
        Right
      </span>
    </button>
    <button
      className="c1"
      onClick={[Function]}
      onMouseDown={[Function]}
      onMouseEnter={[Function]}
      onMouseOut={[Function]}
      onMouseOver={[Function]}
      onMouseUp={[Function]}
      size="default"
    >
      <span
        className="c2"
        size="default"
      >
        RB
      </span>
    </button>
  </div>
  <div
    style={
      Object {
        "clear": "both",
        "marginLeft": 50,
        "whiteSpace": "nowrap",
      }
    }
  >
    <button
      className="c1"
      onClick={[Function]}
      onMouseDown={[Function]}
      onMouseEnter={[Function]}
      onMouseOut={[Function]}
      onMouseOver={[Function]}
      onMouseUp={[Function]}
      size="default"
    >
      <span
        className="c2"
        size="default"
      >
        BL
      </span>
    </button>
    <button
      className="c1"
      onClick={[Function]}
      onMouseDown={[Function]}
      onMouseEnter={[Function]}
      onMouseOut={[Function]}
      onMouseOver={[Function]}
      onMouseUp={[Function]}
      size="default"
    >
      <span
        className="c2"
        size="default"
      >
        Bottom
      </span>
    </button>
    <button
      className="c1"
      onClick={[Function]}
      onMouseDown={[Function]}
      onMouseEnter={[Function]}
      onMouseOut={[Function]}
      onMouseOver={[Function]}
      onMouseUp={[Function]}
      size="default"
    >
      <span
        className="c2"
        size="default"
      >
        BR
      </span>
    </button>
  </div>
  <br />
  <div
    className="c3"
    onMouseDown={[Function]}
    onMouseEnter={[Function]}
    onMouseLeave={[Function]}
    onMouseUp={[Function]}
  >
    <input
      autoFocus={false}
      className="c4"
      disabled={false}
      onBlur={[Function]}
      onChange={[Function]}
      onClick={[Function]}
      onFocus={[Function]}
      onKeyDown={[Function]}
      onKeyPress={[Function]}
      onKeyUp={[Function]}
      placeholder="聚焦弹出"
      size="default"
      style={
        Object {
          "color": "#333333",
          "height": "3.2rem",
          "paddingBottom": "0rem",
          "paddingLeft": "1rem",
          "paddingRight": "3.5rem",
          "paddingTop": "0rem",
        }
      }
      value=""
    />
  </div>
  <button
    className="c1"
    onClick={[Function]}
    onMouseDown={[Function]}
    onMouseEnter={[Function]}
    onMouseOut={[Function]}
    onMouseOver={[Function]}
    onMouseUp={[Function]}
    size="default"
  >
    <span
      className="c2"
      size="default"
    >
       悬停
    </span>
  </button>
  <button
    className="c1"
    onClick={[Function]}
    onMouseDown={[Function]}
    onMouseEnter={[Function]}
    onMouseOut={[Function]}
    onMouseOver={[Function]}
    onMouseUp={[Function]}
    size="default"
  >
    <span
      className="c2"
      size="default"
    >
      点击
    </span>
  </button>
  <br />
  <div>
    <button
      className="c1"
      onClick={[Function]}
      onMouseDown={[Function]}
      onMouseEnter={[Function]}
      onMouseOut={[Function]}
      onMouseOver={[Function]}
      onMouseUp={[Function]}
      size="default"
    >
      <span
        className="c2"
        size="default"
      >
        提示
      </span>
    </button>
    <button
      className="c1"
      onClick={[Function]}
      onMouseDown={[Function]}
      onMouseEnter={[Function]}
      onMouseOut={[Function]}
      onMouseOver={[Function]}
      onMouseUp={[Function]}
      size="default"
    >
      <span
        className="c2"
        size="default"
      >
        危险操作
      </span>
    </button>
  </div>
</div>
`;
