// Jest Snapshot v1, https://goo.gl/fbAQLP

exports[`RadioGroup RadioGroup css 1`] = `
.c2 {
  font-size: 1.4rem;
  line-height: 1.5;
  color: #333333;
  padding: 0;
  list-style: none;
  display: inline-block;
  position: relative;
  white-space: nowrap;
  width: none;
  cursor: pointer;
  display: inline-block;
  margin-right: 2.142857142857143em;
}

.c2:hover > span > span {
  border: 1px solid #684fff;
}

.c7 {
  font-size: 1.4rem;
  line-height: 1.5;
  color: #cccccc;
  padding: 0;
  list-style: none;
  display: inline-block;
  position: relative;
  white-space: nowrap;
  width: none;
  cursor: not-allowed;
  display: inline-block;
  margin-right: 2.142857142857143em;
}

.c7:hover > span > span {
  border: 1px solid #e8e8e8;
}

.c9 {
  font-size: 1.4rem;
  line-height: 1.5;
  color: #333333;
  padding: 0;
  list-style: none;
  display: inline-block;
  position: relative;
  white-space: nowrap;
  width: none;
  cursor: pointer;
  display: block;
  margin-bottom: 0.7142857142857143em;
}

.c9:hover > span > span {
  border: 1px solid #684fff;
}

.c10 {
  font-size: 1.4rem;
  line-height: 1.5;
  color: #cccccc;
  padding: 0;
  list-style: none;
  display: inline-block;
  position: relative;
  white-space: nowrap;
  width: none;
  cursor: not-allowed;
  display: block;
  margin-bottom: 0.7142857142857143em;
}

.c10:hover > span > span {
  border: 1px solid #e8e8e8;
}

.c11 {
  font-size: 1.4rem;
  line-height: 1.5;
  color: #333333;
  padding: 0;
  list-style: none;
  display: inline-block;
  position: relative;
  white-space: nowrap;
  width: 8.571428571428571em;
  cursor: pointer;
  display: inline-block;
  margin-right: 2.142857142857143em;
  margin: 1.4285714285714286em;
}

.c11:hover > span > span {
  border: 1px solid red;
}

.c13 {
  font-size: 1.4rem;
  line-height: 1.5;
  color: #333333;
  padding: 0;
  list-style: none;
  display: inline-block;
  position: relative;
  white-space: nowrap;
  width: 7.142857142857143em;
  cursor: pointer;
  display: inline-block;
  margin-right: 2.142857142857143em;
}

.c13:hover > span > span {
  border: 1px solid #684fff;
}

.c14 {
  font-size: 1.4rem;
  line-height: 1.5;
  color: #cccccc;
  padding: 0;
  list-style: none;
  display: inline-block;
  position: relative;
  white-space: nowrap;
  width: 7.142857142857143em;
  cursor: not-allowed;
  display: inline-block;
  margin-right: 2.142857142857143em;
}

.c14:hover > span > span {
  border: 1px solid #e8e8e8;
}

.c15 {
  font-size: 1.4rem;
  line-height: 1.5;
  color: #333333;
  padding: 0;
  list-style: none;
  display: inline-block;
  position: relative;
  white-space: nowrap;
  width: none;
  cursor: not-allowed;
  display: block;
  margin-bottom: 0.7142857142857143em;
}

.c15:hover > span > span {
  border: 1px solid #cac2ff;
}

.c3 {
  margin: 0;
  outline: none;
  line-height: 1;
  vertical-align: text-bottom;
  display: inline-block;
}

.c5 {
  padding-left: 0.7142857142857143em;
}

.c6 {
  position: relative;
  top: 0;
  left: 0;
  display: block;
  width: 1.142857142857143em;
  height: 1.142857142857143em;
  border-radius: 50%;
  border: 1px solid #cccccc;
  background-color: #fff;
  -webkit-transition: all 0.3s;
  -webkit-transition: all 0.3s;
  transition: all 0.3s;
}

.c4 {
  position: relative;
  top: 0;
  left: 0;
  display: block;
  width: 1.142857142857143em;
  height: 1.142857142857143em;
  border-radius: 50%;
  border: 1px solid #684fff;
  background-color: #fff;
  -webkit-transition: all 0.3s;
  -webkit-transition: all 0.3s;
  transition: all 0.3s;
}

.c4::after {
  position: absolute;
  width: 0.8571428571428572em;
  height: 0.8571428571428572em;
  left: 0.14285714285714288em;
  top: 0.14285714285714288em;
  border-radius: 0.7142857142857143em;
  display: table;
  border-top: 0;
  border-left: 0;
  content: ' ';
  background-color: #684fff;
}

.c8 {
  position: relative;
  top: 0;
  left: 0;
  display: block;
  width: 1.142857142857143em;
  height: 1.142857142857143em;
  border-radius: 50%;
  border: 1px solid #cccccc;
  background-color: #fff;
  -webkit-transition: all 0.3s;
  -webkit-transition: all 0.3s;
  transition: all 0.3s;
  background-color: #f2f2f2;
  border: 1px solid #e8e8e8;
  color: #cccccc;
}

.c8::after {
  background-color: none;
}

.c12 {
  position: relative;
  top: 0;
  left: 0;
  display: block;
  width: 1.142857142857143em;
  height: 1.142857142857143em;
  border-radius: 50%;
  border: 1px solid red;
  background-color: #fff;
  -webkit-transition: all 0.3s;
  -webkit-transition: all 0.3s;
  transition: all 0.3s;
}

.c12::after {
  position: absolute;
  width: 0.8571428571428572em;
  height: 0.8571428571428572em;
  left: 0.14285714285714288em;
  top: 0.14285714285714288em;
  border-radius: 0.7142857142857143em;
  display: table;
  border-top: 0;
  border-left: 0;
  content: ' ';
  background-color: red;
}

.c16 {
  position: relative;
  top: 0;
  left: 0;
  display: block;
  width: 1.142857142857143em;
  height: 1.142857142857143em;
  border-radius: 50%;
  border: 1px solid #cac2ff;
  background-color: #fff;
  -webkit-transition: all 0.3s;
  -webkit-transition: all 0.3s;
  transition: all 0.3s;
}

.c16::after {
  position: absolute;
  width: 0.8571428571428572em;
  height: 0.8571428571428572em;
  left: 0.14285714285714288em;
  top: 0.14285714285714288em;
  border-radius: 0.7142857142857143em;
  display: table;
  border-top: 0;
  border-left: 0;
  content: ' ';
  background-color: #cac2ff;
}

.c18 {
  position: relative;
  display: inline-block;
  outline: none;
  -webkit-transition: all 0.3s;
  transition: all 0.3s;
}

.c18:hover > span {
  color: #fff;
}

.c21 {
  position: relative;
  display: inline-block;
  outline: none;
  -webkit-transition: all 0.3s;
  transition: all 0.3s;
}

.c21:hover > span {
  color: #684fff;
}

.c25 {
  position: relative;
  display: inline-block;
  outline: none;
  -webkit-transition: all 0.3s;
  transition: all 0.3s;
}

.c25:hover > span {
  color: red;
}

.c29 {
  position: relative;
  display: inline-block;
  outline: none;
  -webkit-transition: all 0.3s;
  transition: all 0.3s;
}

.c29:hover > span {
  color: #cccccc;
}

.c19 {
  opacity: 0;
  outline: none;
  position: absolute;
  z-index: -1;
}

.c20 {
  display: inline-block;
  box-sizing: border-box;
  white-space: nowrap;
  vertical-align: middle;
  padding: 0 0.8333333333333334em;
  cursor: pointer;
  background-color: #684fff;
  color: #fff;
  border: 1px solid #684fff;
  border-right: 1px solid #fff;
  border-left: 0;
  text-align: center;
  margin: 0;
  -webkit-transition: all 0.3s cubic-bezier(0.645,0.045,0.355,1);
  transition: all 0.3s cubic-bezier(0.645,0.045,0.355,1);
  height: 2.666666666666667em;
  line-height: 2.5em;
  font-size: 1.2rem;
}

.c22 {
  display: inline-block;
  box-sizing: border-box;
  white-space: nowrap;
  vertical-align: middle;
  padding: 0 0.8333333333333334em;
  cursor: pointer;
  border: 1px solid #cccccc;
  color: #666666;
  background: #fff;
  border-left: 0;
  text-align: center;
  margin: 0;
  -webkit-transition: all 0.3s cubic-bezier(0.645,0.045,0.355,1);
  transition: all 0.3s cubic-bezier(0.645,0.045,0.355,1);
  height: 2.666666666666667em;
  line-height: 2.5em;
  font-size: 1.2rem;
}

.c24 {
  display: inline-block;
  box-sizing: border-box;
  white-space: nowrap;
  vertical-align: middle;
  padding: 0 0.8333333333333334em;
  cursor: pointer;
  background-color: red;
  color: #fff;
  border: 1px solid red;
  border-right: 1px solid #fff;
  border-left: 0;
  text-align: center;
  margin: 0;
  -webkit-transition: all 0.3s cubic-bezier(0.645,0.045,0.355,1);
  transition: all 0.3s cubic-bezier(0.645,0.045,0.355,1);
  height: 2.666666666666667em;
  line-height: 2.5em;
  font-size: 1.2rem;
  width: 8.333333333333334em;
}

.c26 {
  display: inline-block;
  box-sizing: border-box;
  white-space: nowrap;
  vertical-align: middle;
  padding: 0 0.8333333333333334em;
  cursor: pointer;
  border: 1px solid #cccccc;
  color: #666666;
  background: #fff;
  border-left: 0;
  text-align: center;
  margin: 0;
  -webkit-transition: all 0.3s cubic-bezier(0.645,0.045,0.355,1);
  transition: all 0.3s cubic-bezier(0.645,0.045,0.355,1);
  height: 2.666666666666667em;
  line-height: 2.5em;
  font-size: 1.2rem;
  width: 8.333333333333334em;
}

.c28 {
  display: inline-block;
  box-sizing: border-box;
  white-space: nowrap;
  vertical-align: middle;
  padding: 0 0.8333333333333334em;
  cursor: pointer;
  background-color: #cac2ff;
  color: #ffffff;
  cursor: not-allowed;
  border-left: 0;
  text-align: center;
  margin: 0;
  -webkit-transition: all 0.3s cubic-bezier(0.645,0.045,0.355,1);
  transition: all 0.3s cubic-bezier(0.645,0.045,0.355,1);
  height: 2.666666666666667em;
  line-height: 2.5em;
  font-size: 1.2rem;
}

.c30 {
  display: inline-block;
  box-sizing: border-box;
  white-space: nowrap;
  vertical-align: middle;
  padding: 0 0.8333333333333334em;
  cursor: pointer;
  border: 1px solid #e8e8e8;
  color: #cccccc;
  cursor: not-allowed;
  background: #fff;
  border-left: 0;
  text-align: center;
  margin: 0;
  -webkit-transition: all 0.3s cubic-bezier(0.645,0.045,0.355,1);
  transition: all 0.3s cubic-bezier(0.645,0.045,0.355,1);
  height: 2.666666666666667em;
  line-height: 2.5em;
  font-size: 1.2rem;
}

.c1 > label:first-child > span {
  border-radius: 4px 0 0 4px;
}

.c1 > label:last-child > span {
  border-radius: 0 4px 4px 0;
}

.c17 > label:first-child > span {
  border-left: 1px solid #684fff;
  border-radius: 4px 0 0 4px;
}

.c17 > label:last-child > span {
  border-radius: 0 4px 4px 0;
}

.c23 > label:first-child > span {
  border-left: 1px solid red;
  border-radius: 4px 0 0 4px;
}

.c23 > label:last-child > span {
  border-radius: 0 4px 4px 0;
}

.c27 > label:first-child > span {
  border-left: 1px solid #cac2ff;
  border-radius: 4px 0 0 4px;
}

.c27 > label:first-child > span > span {
  border-radius: 4px 0 0 4px;
}

.c27 > label:last-child > span {
  border-radius: 0 4px 4px 0;
}

.c0 {
  margin-left: 50px;
  width: 50%;
}

<div>
  <div
    className="c0"
  >
    <p>
      RadioGroup 正常
    </p>
    <span
      className={undefined}
    >
      <div
        className="c1"
      >
        <label
          className="c2"
          disabled={undefined}
          onClick={[Function]}
        >
          <span
            className="c3"
          >
            <span
              checked={true}
              className="c4"
              disabled={undefined}
            />
          </span>
          <span
            className="c5"
          >
            Radio
          </span>
        </label>
        <label
          className="c2"
          disabled={undefined}
          onClick={[Function]}
        >
          <span
            className="c3"
          >
            <span
              checked={undefined}
              className="c6"
              disabled={undefined}
            />
          </span>
          <span
            className="c5"
          >
            Radio2
          </span>
        </label>
      </div>
    </span>
    <p>
      RadioGroup
    </p>
    <span
      className={undefined}
    >
      <div
        className="c1"
      >
        <label
          className="c2"
          disabled={undefined}
          onClick={[Function]}
        >
          <span
            className="c3"
          >
            <span
              checked={true}
              className="c4"
              disabled={undefined}
            />
          </span>
          <span
            className="c5"
          >
            Radio
          </span>
        </label>
        <label
          className="c2"
          disabled={undefined}
          onClick={[Function]}
        >
          <span
            className="c3"
          >
            <span
              checked={undefined}
              className="c6"
              disabled={undefined}
            />
          </span>
          <span
            className="c5"
          >
            Radio2
          </span>
        </label>
      </div>
    </span>
    <p>
      vertical
    </p>
    <span
      className={undefined}
    >
      <div
        className="c1"
      >
        <label
          className="c2"
          disabled={undefined}
          onClick={[Function]}
        >
          <span
            className="c3"
          >
            <span
              checked={true}
              className="c4"
              disabled={undefined}
            />
          </span>
          <span
            className="c5"
          >
            Radio
          </span>
        </label>
        <label
          className="c2"
          disabled={undefined}
          onClick={[Function]}
        >
          <span
            className="c3"
          >
            <span
              checked={undefined}
              className="c6"
              disabled={undefined}
            />
          </span>
          <span
            className="c5"
          >
            Radio
          </span>
        </label>
      </div>
    </span>
    <p>
      data
    </p>
    <span
      className={undefined}
    >
      <div
        className="c1"
      >
        <label
          className="c2"
          disabled={undefined}
          onClick={[Function]}
        >
          <span
            className="c3"
          >
            <span
              checked={true}
              className="c4"
              disabled={undefined}
            />
          </span>
          <span
            className="c5"
          >
            radio1
          </span>
        </label>
        <label
          className="c2"
          disabled={undefined}
          onClick={[Function]}
        >
          <span
            className="c3"
          >
            <span
              checked={undefined}
              className="c6"
              disabled={undefined}
            />
          </span>
          <span
            className="c5"
          >
            radio2
          </span>
        </label>
        <label
          className="c7"
          disabled={true}
          onClick={[Function]}
        >
          <span
            className="c3"
          >
            <span
              checked={undefined}
              className="c8"
              disabled={true}
            />
          </span>
          <span
            className="c5"
          >
            radio3
          </span>
        </label>
      </div>
    </span>
    <p>
      styled vertical
    </p>
    <span
      className={undefined}
    >
      <div
        className="c1"
      >
        <label
          className="c9"
          disabled={undefined}
          onClick={[Function]}
        >
          <span
            className="c3"
          >
            <span
              checked={true}
              className="c4"
              disabled={undefined}
            />
          </span>
          <span
            className="c5"
          >
            radio1
          </span>
        </label>
        <label
          className="c9"
          disabled={undefined}
          onClick={[Function]}
        >
          <span
            className="c3"
          >
            <span
              checked={undefined}
              className="c6"
              disabled={undefined}
            />
          </span>
          <span
            className="c5"
          >
            radio2
          </span>
        </label>
        <label
          className="c10"
          disabled={true}
          onClick={[Function]}
        >
          <span
            className="c3"
          >
            <span
              checked={undefined}
              className="c8"
              disabled={true}
            />
          </span>
          <span
            className="c5"
          >
            radio3
          </span>
        </label>
      </div>
    </span>
  </div>
  <div
    className="c0"
  >
    <p>
      themes
    </p>
    <span
      className={undefined}
    >
      <span
        className={undefined}
      >
        <div
          className="c1"
        >
          <label
            className="c11"
            disabled={undefined}
            onClick={[Function]}
          >
            <span
              className="c3"
            >
              <span
                checked={true}
                className="c12"
                disabled={undefined}
              />
            </span>
            <span
              className="c5"
            >
              Radio
            </span>
          </label>
          <label
            className="c11"
            disabled={undefined}
            onClick={[Function]}
          >
            <span
              className="c3"
            >
              <span
                checked={undefined}
                className="c6"
                disabled={undefined}
              />
            </span>
            <span
              className="c5"
            >
              Radio
            </span>
          </label>
        </div>
      </span>
    </span>
    <p>
      data theme
    </p>
    <span
      className={undefined}
    >
      <span
        className={undefined}
      >
        <div
          className="c1"
        >
          <label
            className="c13"
            disabled={undefined}
            onClick={[Function]}
          >
            <span
              className="c3"
            >
              <span
                checked={true}
                className="c4"
                disabled={undefined}
              />
            </span>
            <span
              className="c5"
            >
              radio1
            </span>
          </label>
          <label
            className="c13"
            disabled={undefined}
            onClick={[Function]}
          >
            <span
              className="c3"
            >
              <span
                checked={undefined}
                className="c6"
                disabled={undefined}
              />
            </span>
            <span
              className="c5"
            >
              radio2
            </span>
          </label>
          <label
            className="c14"
            disabled={true}
            onClick={[Function]}
          >
            <span
              className="c3"
            >
              <span
                checked={undefined}
                className="c8"
                disabled={true}
              />
            </span>
            <span
              className="c5"
            >
              radio3
            </span>
          </label>
        </div>
      </span>
    </span>
  </div>
  <div
    className="c0"
  >
    <p>
      data displayValue
    </p>
    <span
      className={undefined}
    >
      <div
        className="c1"
      >
        <label
          className="c15"
          disabled={undefined}
          onClick={[Function]}
        >
          <span
            className="c3"
          >
            <span
              checked={true}
              className="c16"
              disabled={undefined}
            />
          </span>
          <span
            className="c5"
          >
            DisplayValue
          </span>
        </label>
        <label
          className="c9"
          disabled={undefined}
          onClick={[Function]}
        >
          <span
            className="c3"
          >
            <span
              checked={undefined}
              className="c6"
              disabled={undefined}
            />
          </span>
          <span
            className="c5"
          >
            radio1
          </span>
        </label>
        <label
          className="c9"
          disabled={undefined}
          onClick={[Function]}
        >
          <span
            className="c3"
          >
            <span
              checked={undefined}
              className="c6"
              disabled={undefined}
            />
          </span>
          <span
            className="c5"
          >
            radio2
          </span>
        </label>
        <label
          className="c10"
          disabled={true}
          onClick={[Function]}
        >
          <span
            className="c3"
          >
            <span
              checked={undefined}
              className="c8"
              disabled={true}
            />
          </span>
          <span
            className="c5"
          >
            radio3
          </span>
        </label>
      </div>
    </span>
  </div>
  <div
    className="c0"
  >
    <p>
      data displayValue
    </p>
    <span
      className={undefined}
    >
      <div
        className="c1"
      >
        <label
          className="c15"
          disabled={undefined}
          onClick={[Function]}
        >
          <span
            className="c3"
          >
            <span
              checked={true}
              className="c16"
              disabled={undefined}
            />
          </span>
          <span
            className="c5"
          >
            DisplayValue
          </span>
        </label>
        <label
          className="c9"
          disabled={undefined}
          onClick={[Function]}
        >
          <span
            className="c3"
          >
            <span
              checked={undefined}
              className="c6"
              disabled={undefined}
            />
          </span>
          <span
            className="c5"
          >
            radio1
          </span>
        </label>
        <label
          className="c9"
          disabled={undefined}
          onClick={[Function]}
        >
          <span
            className="c3"
          >
            <span
              checked={undefined}
              className="c6"
              disabled={undefined}
            />
          </span>
          <span
            className="c5"
          >
            radio2
          </span>
        </label>
        <label
          className="c10"
          disabled={true}
          onClick={[Function]}
        >
          <span
            className="c3"
          >
            <span
              checked={undefined}
              className="c8"
              disabled={true}
            />
          </span>
          <span
            className="c5"
          >
            radio3
          </span>
        </label>
      </div>
    </span>
  </div>
  <div
    className="c0"
  >
    <span
      className={undefined}
    >
      <div
        className="c17"
      >
        <label
          checked={true}
          className="c18"
          disabled={undefined}
          size={undefined}
        >
          <input
            className="c19"
            onBlur={[Function]}
            type="radio"
          />
          <span
            checked={true}
            className="c20"
            disabled={undefined}
            onClick={[Function]}
            size={undefined}
            type="checkbox"
          >
            CheckBox1
          </span>
        </label>
        <label
          checked={false}
          className="c21"
          disabled={undefined}
          size={undefined}
        >
          <input
            className="c19"
            onBlur={[Function]}
            type="radio"
          />
          <span
            checked={false}
            className="c22"
            disabled={undefined}
            onClick={[Function]}
            size={undefined}
            type="checkbox"
          >
            CheckBox2
          </span>
        </label>
        <label
          checked={false}
          className="c21"
          disabled={undefined}
          size={undefined}
        >
          <input
            className="c19"
            onBlur={[Function]}
            type="radio"
          />
          <span
            checked={false}
            className="c22"
            disabled={undefined}
            onClick={[Function]}
            size={undefined}
            type="checkbox"
          >
            CheckBox3
          </span>
        </label>
      </div>
    </span>
  </div>
  <br />
  <div
    className="c0"
  >
    <span
      className={undefined}
    >
      <span
        className={undefined}
      >
        <div
          className="c23"
        >
          <label
            checked={true}
            className="c18"
            disabled={undefined}
            size={undefined}
          >
            <input
              className="c19"
              onBlur={[Function]}
              type="radio"
            />
            <span
              checked={true}
              className="c24"
              disabled={undefined}
              onClick={[Function]}
              size={undefined}
              type="checkbox"
            >
              CheckBox1
            </span>
          </label>
          <label
            checked={false}
            className="c25"
            disabled={undefined}
            size={undefined}
          >
            <input
              className="c19"
              onBlur={[Function]}
              type="radio"
            />
            <span
              checked={false}
              className="c26"
              disabled={undefined}
              onClick={[Function]}
              size={undefined}
              type="checkbox"
            >
              CheckBox2
            </span>
          </label>
          <label
            checked={false}
            className="c25"
            disabled={undefined}
            size={undefined}
          >
            <input
              className="c19"
              onBlur={[Function]}
              type="radio"
            />
            <span
              checked={false}
              className="c26"
              disabled={undefined}
              onClick={[Function]}
              size={undefined}
              type="checkbox"
            >
              CheckBox3
            </span>
          </label>
        </div>
      </span>
    </span>
  </div>
  <br />
  <div
    className="c0"
  >
    <span
      className={undefined}
    >
      <div
        className="c27"
      >
        <label
          checked={true}
          className="c18"
          disabled={undefined}
          size="default"
        >
          <input
            className="c19"
            onBlur={[Function]}
            type="radio"
          />
          <span
            checked={true}
            className="c28"
            disabled={undefined}
            onClick={[Function]}
            onMouseEnter={[Function]}
            onMouseLeave={[Function]}
            size="default"
            type="radio"
          >
            check
          </span>
        </label>
        <label
          checked={false}
          className="c21"
          disabled={undefined}
          size="default"
        >
          <input
            className="c19"
            onBlur={[Function]}
            type="radio"
          />
          <span
            checked={false}
            className="c22"
            disabled={undefined}
            onClick={[Function]}
            size="default"
            type="radio"
          >
            radio1
          </span>
        </label>
        <label
          checked={false}
          className="c21"
          disabled={undefined}
          size="default"
        >
          <input
            className="c19"
            onBlur={[Function]}
            type="radio"
          />
          <span
            checked={false}
            className="c22"
            disabled={undefined}
            onClick={[Function]}
            size="default"
            type="radio"
          >
            radio2
          </span>
        </label>
        <label
          checked={false}
          className="c29"
          disabled={true}
          size="default"
        >
          <input
            className="c19"
            onBlur={[Function]}
            type="radio"
          />
          <span
            checked={false}
            className="c30"
            disabled={true}
            onClick={[Function]}
            size="default"
            type="radio"
          >
            radio3
          </span>
        </label>
      </div>
    </span>
  </div>
  <br />
  <div
    className="c0"
  >
    <span
      className={undefined}
    >
      <div
        className="c27"
      >
        <label
          checked={true}
          className="c18"
          disabled={undefined}
          size="default"
        >
          <input
            className="c19"
            onBlur={[Function]}
            type="radio"
          />
          <span
            checked={true}
            className="c28"
            disabled={undefined}
            onClick={[Function]}
            onMouseEnter={[Function]}
            onMouseLeave={[Function]}
            size="default"
            type="radio"
          >
            hello
          </span>
        </label>
        <label
          checked={false}
          className="c21"
          disabled={undefined}
          size="default"
        >
          <input
            className="c19"
            onBlur={[Function]}
            type="radio"
          />
          <span
            checked={false}
            className="c22"
            disabled={undefined}
            onClick={[Function]}
            size="default"
            type="radio"
          >
            radio1
          </span>
        </label>
        <label
          checked={false}
          className="c21"
          disabled={undefined}
          size="default"
        >
          <input
            className="c19"
            onBlur={[Function]}
            type="radio"
          />
          <span
            checked={false}
            className="c22"
            disabled={undefined}
            onClick={[Function]}
            size="default"
            type="radio"
          >
            radio2
          </span>
        </label>
        <label
          checked={false}
          className="c29"
          disabled={true}
          size="default"
        >
          <input
            className="c19"
            onBlur={[Function]}
            type="radio"
          />
          <span
            checked={false}
            className="c30"
            disabled={true}
            onClick={[Function]}
            size="default"
            type="radio"
          >
            radio3
          </span>
        </label>
      </div>
    </span>
  </div>
</div>
`;
