// Jest Snapshot v1, https://goo.gl/fbAQLP

exports[`ThemeProvider ThemeProvider 1`] = `
<span>
  <div>
    {"value":"正念"}
    hello everyone
  </div>
</span>
`;
