// Jest Snapshot v1, https://goo.gl/fbAQLP

exports[`Popup Popup snapshot 1`] = `
Array [
  undefined,
  <sv_widget_Align
    align="bottom"
    autoResize={true}
    getTargetDom={[Function]}
    offsetX={0}
    offsetY={0}
    onAlign={[Function]}
    visible={true}
  >
    <PopupInner
      className=""
      getTheme={[Function]}
      style={Object {}}
      visible={true}
    >
       
    </PopupInner>
  </sv_widget_Align>,
]
`;
