// Jest Snapshot v1, https://goo.gl/fbAQLP

exports[`CheckBox CheckBox CSS 1`] = `
.c1 {
  font-size: 1.4rem;
  cursor: pointer;
  color: #333333;
  width: none;
  box-sizing: border-box;
  padding: 0;
  list-style: none;
  display: inline-block;
  position: relative;
  white-space: nowrap;
  display: inline-block;
  margin-right: 2.142857142857143em;
}

.c1:hover > span span {
  border: 1px solid #4d63ff;
}

.c7 {
  font-size: 1.4rem;
  cursor: not-allowed;
  color: #cccccc;
  width: none;
  box-sizing: border-box;
  padding: 0;
  list-style: none;
  display: inline-block;
  position: relative;
  white-space: nowrap;
  display: inline-block;
  margin-right: 2.142857142857143em;
}

.c7:hover > span span {
  border: 1px solid #e8e8e8;
}

.c12 {
  font-size: 1.4rem;
  cursor: pointer;
  color: #333333;
  width: 8.571428571428571em;
  box-sizing: border-box;
  padding: 0;
  list-style: none;
  display: inline-block;
  position: relative;
  white-space: nowrap;
  display: inline-block;
  margin-right: 2.142857142857143em;
  margin: 1.4285714285714286em;
}

.c12:hover > span span {
  border: 1px solid red;
}

.c2 {
  margin: 0;
  outline: none;
  line-height: 1;
  vertical-align: text-bottom;
  display: inline-block;
}

.c5 {
  padding-left: 0.7142857142857143em;
}

.c3 {
  position: absolute;
  left: 0;
  z-index: 1;
  cursor: pointer;
  opacity: 0;
  top: 0;
  bottom: 0;
  right: 0;
  width: 100%;
  height: 100%;
}

.c8 {
  position: absolute;
  left: 0;
  z-index: 1;
  cursor: not-allowed;
  opacity: 0;
  top: 0;
  bottom: 0;
  right: 0;
  width: 100%;
  height: 100%;
}

.c4 {
  position: relative;
  box-sizing: border-box;
  top: 0;
  left: 0;
  display: block;
  width: 1.2857142857142858em;
  height: 1.2857142857142858em;
  border-radius: 0.14285714285714288em;
  background-color: #fff;
  border: 1px solid #cccccc;
  -webkit-transition: all 0.3s;
  transition: all 0.3s;
}

.c4:hover {
  border: 1px solid #4d63ff;
}

.c4::after {
  position: absolute;
  box-sizing: border-box;
  left: 0.35714285714285715em;
  top: 0.14285714285714288em;
  width: 0.4285714285714286em;
  height: 0.7142857142857143em;
  -webkit-transform: rotate(45deg) scale(0);
  -ms-transform: rotate(45deg) scale(0);
  transform: rotate(45deg) scale(0);
  -webkit-transition: all .1s cubic-bezier(.71,-.46,.88,.6);
  transition: all .1s cubic-bezier(.71,-.46,.88,.6);
  display: table;
  border: 0.14285714285714288em solid #fff;
  border-top: 0;
  border-left: 0;
  content: ' ';
}

.c6 {
  position: relative;
  box-sizing: border-box;
  top: 0;
  left: 0;
  display: block;
  width: 1.2857142857142858em;
  height: 1.2857142857142858em;
  border-radius: 0.14285714285714288em;
  background-color: #4d63ff;
  border: 1px solid #4d63ff;
  -webkit-transition: all 0.3s;
  transition: all 0.3s;
}

.c6:hover {
  border: 1px solid #4d63ff;
}

.c6::after {
  position: absolute;
  box-sizing: border-box;
  left: 0.35714285714285715em;
  top: 0.14285714285714288em;
  width: 0.4285714285714286em;
  height: 0.7142857142857143em;
  -webkit-transform: rotate(45deg) scale(1);
  -ms-transform: rotate(45deg) scale(1);
  transform: rotate(45deg) scale(1);
  -webkit-transition: all .2s cubic-bezier(.71,-.46,.88,.6);
  transition: all .2s cubic-bezier(.71,-.46,.88,.6);
  display: table;
  border: 0.14285714285714288em solid #fff;
  border-top: 0;
  border-left: 0;
  content: ' ';
}

.c9 {
  position: relative;
  box-sizing: border-box;
  top: 0;
  left: 0;
  display: block;
  width: 1.2857142857142858em;
  height: 1.2857142857142858em;
  border-radius: 0.14285714285714288em;
  background-color: #f2f2f2;
  border: 1px solid #e8e8e8;
  -webkit-transition: all 0.3s;
  transition: all 0.3s;
}

.c9:hover {
  border: 1px solid #e8e8e8;
}

.c9::after {
  position: absolute;
  box-sizing: border-box;
  left: 0.35714285714285715em;
  top: 0.14285714285714288em;
  width: 0.4285714285714286em;
  height: 0.7142857142857143em;
  -webkit-transform: rotate(45deg) scale(0);
  -ms-transform: rotate(45deg) scale(0);
  transform: rotate(45deg) scale(0);
  -webkit-transition: all .1s cubic-bezier(.71,-.46,.88,.6);
  transition: all .1s cubic-bezier(.71,-.46,.88,.6);
  display: table;
  border: 0.14285714285714288em solid #cccccc;
  border-top: 0;
  border-left: 0;
  content: ' ';
}

.c10 {
  position: relative;
  box-sizing: border-box;
  top: 0;
  left: 0;
  display: block;
  width: 1.2857142857142858em;
  height: 1.2857142857142858em;
  border-radius: 0.14285714285714288em;
  background-color: #f2f2f2;
  border: 1px solid #e8e8e8;
  -webkit-transition: all 0.3s;
  transition: all 0.3s;
}

.c10:hover {
  border: 1px solid #e8e8e8;
}

.c10::after {
  position: absolute;
  box-sizing: border-box;
  left: 0.35714285714285715em;
  top: 0.14285714285714288em;
  width: 0.4285714285714286em;
  height: 0.7142857142857143em;
  -webkit-transform: rotate(45deg) scale(1);
  -ms-transform: rotate(45deg) scale(1);
  transform: rotate(45deg) scale(1);
  -webkit-transition: all .2s cubic-bezier(.71,-.46,.88,.6);
  transition: all .2s cubic-bezier(.71,-.46,.88,.6);
  display: table;
  border: 0.14285714285714288em solid #cccccc;
  border-top: 0;
  border-left: 0;
  content: ' ';
}

.c11 {
  position: relative;
  box-sizing: border-box;
  top: 0;
  left: 0;
  display: block;
  width: 1.2857142857142858em;
  height: 1.2857142857142858em;
  border-radius: 0.14285714285714288em;
  background-color: #4d63ff;
  border: 1px solid #4d63ff;
  -webkit-transition: all 0.3s;
  transition: all 0.3s;
}

.c11:hover {
  border: 1px solid #4d63ff;
}

.c11::after {
  position: absolute;
  box-sizing: border-box;
  left: 0.2142857142857143em;
  top: 0.5em;
  width: 0.7142857142857143em;
  height: 0.07142857142857144em;
  -webkit-transform: scale(1);
  -ms-transform: scale(1);
  transform: scale(1);
  -webkit-transition: all .2s cubic-bezier(.03,.86,.56,.87);
  transition: all .2s cubic-bezier(.03,.86,.56,.87);
  display: table;
  border: 0.14285714285714288em solid #fff;
  border-top: 0;
  border-left: 0;
  content: ' ';
}

.c13 {
  position: relative;
  box-sizing: border-box;
  top: 0;
  left: 0;
  display: block;
  width: 1.2857142857142858em;
  height: 1.2857142857142858em;
  border-radius: 0.14285714285714288em;
  background-color: #fff;
  border: 1px solid #cccccc;
  -webkit-transition: all 0.3s;
  transition: all 0.3s;
}

.c13:hover {
  border: 1px solid red;
}

.c13::after {
  position: absolute;
  box-sizing: border-box;
  left: 0.35714285714285715em;
  top: 0.14285714285714288em;
  width: 0.4285714285714286em;
  height: 0.7142857142857143em;
  -webkit-transform: rotate(45deg) scale(0);
  -ms-transform: rotate(45deg) scale(0);
  transform: rotate(45deg) scale(0);
  -webkit-transition: all .1s cubic-bezier(.71,-.46,.88,.6);
  transition: all .1s cubic-bezier(.71,-.46,.88,.6);
  display: table;
  border: 0.14285714285714288em solid #fff;
  border-top: 0;
  border-left: 0;
  content: ' ';
}

.c14 {
  position: relative;
  box-sizing: border-box;
  top: 0;
  left: 0;
  display: block;
  width: 1.2857142857142858em;
  height: 1.2857142857142858em;
  border-radius: 0.14285714285714288em;
  background-color: red;
  border: 1px solid red;
  -webkit-transition: all 0.3s;
  transition: all 0.3s;
}

.c14:hover {
  border: 1px solid red;
}

.c14::after {
  position: absolute;
  box-sizing: border-box;
  left: 0.35714285714285715em;
  top: 0.14285714285714288em;
  width: 0.4285714285714286em;
  height: 0.7142857142857143em;
  -webkit-transform: rotate(45deg) scale(1);
  -ms-transform: rotate(45deg) scale(1);
  transform: rotate(45deg) scale(1);
  -webkit-transition: all .2s cubic-bezier(.71,-.46,.88,.6);
  transition: all .2s cubic-bezier(.71,-.46,.88,.6);
  display: table;
  border: 0.14285714285714288em solid #fff;
  border-top: 0;
  border-left: 0;
  content: ' ';
}

.c0 {
  margin: 20px;
}

<div>
  <div
    className="c0"
  >
    <label
      className="c1"
      onClick={[Function]}
    >
      <span
        className="c2"
        onClick={null}
      >
        <input
          className="c3"
          onBlur={[Function]}
          type="checkbox"
        />
        <span
          className="c4"
        />
      </span>
      <span
        className="c5"
      >
        CheckBox
      </span>
    </label>
  </div>
  <div
    className="c0"
  >
    <label
      className="c1"
      onClick={[Function]}
    >
      <span
        className="c2"
        onClick={null}
      >
        <input
          className="c3"
          onBlur={[Function]}
          type="checkbox"
        />
        <span
          checked={true}
          className="c6"
        />
      </span>
      <span
        className="c5"
      >
        CheckBox
      </span>
    </label>
  </div>
  <div
    className="c0"
  >
    <label
      className="c1"
      onClick={[Function]}
    >
      <span
        className="c2"
        onClick={null}
      >
        <input
          className="c3"
          onBlur={[Function]}
          type="checkbox"
        />
        <span
          checked={true}
          className="c6"
        />
      </span>
      <span
        className="c5"
      >
        CheckBox
      </span>
    </label>
  </div>
  <div
    className="c0"
  >
    <label
      className="c7"
      disabled={true}
      onClick={[Function]}
    >
      <span
        className="c2"
        onClick={null}
      >
        <input
          className="c8"
          disabled={true}
          onBlur={[Function]}
          type="checkbox"
        />
        <span
          className="c9"
          disabled={true}
        />
      </span>
      <span
        className="c5"
      >
        CheckBox
      </span>
    </label>
  </div>
  <div
    className="c0"
  >
    <label
      className="c7"
      disabled={true}
      onClick={[Function]}
    >
      <span
        className="c2"
        onClick={null}
      >
        <input
          className="c8"
          disabled={true}
          onBlur={[Function]}
          type="checkbox"
        />
        <span
          checked={true}
          className="c10"
          disabled={true}
        />
      </span>
      <span
        className="c5"
      >
        CheckBox
      </span>
    </label>
  </div>
  <div
    className="c0"
  >
    <label
      className="c7"
      disabled={true}
      onClick={[Function]}
    >
      <span
        className="c2"
        onClick={null}
      >
        <input
          className="c8"
          disabled={true}
          onBlur={[Function]}
          type="checkbox"
        />
        <span
          checked={true}
          className="c10"
          disabled={true}
        />
      </span>
      <span
        className="c5"
      >
        CheckBox
      </span>
    </label>
  </div>
  <div
    className="c0"
  >
    <label
      className="c1"
      onClick={[Function]}
    >
      <span
        className="c2"
        onClick={null}
      >
        <input
          className="c3"
          onBlur={[Function]}
          type="checkbox"
        />
        <span
          className="c11"
        />
      </span>
      <span
        className="c5"
      >
        CheckBox
      </span>
    </label>
  </div>
  <div
    className="c0"
  >
    <label
      className="c12"
      onClick={[Function]}
    >
      <span
        className="c2"
        onClick={null}
      >
        <input
          className="c3"
          onBlur={[Function]}
          type="checkbox"
        />
        <span
          className="c13"
        />
      </span>
      <span
        className="c5"
      >
        CheckBox
      </span>
    </label>
  </div>
  <div
    className="c0"
  >
    <label
      className="c12"
      onClick={[Function]}
    >
      <span
        className="c2"
        onClick={null}
      >
        <input
          className="c3"
          onBlur={[Function]}
          type="checkbox"
        />
        <span
          checked={true}
          className="c14"
        />
      </span>
      <span
        className="c5"
      >
        CheckBox
      </span>
    </label>
  </div>
</div>
`;
