// Jest Snapshot v1, https://goo.gl/fbAQLP

exports[`Avatar css 1`] = `
.c6 {
  -webkit-user-select: none;
  -moz-user-select: none;
  -ms-user-select: none;
  user-select: none;
  cursor: pointer;
}

.c1 {
  font-variant: tabular-nums;
  color: rgba(0,0,0,0.65);
  box-sizing: border-box;
  display: inline-block;
  text-align: center;
  white-space: nowrap;
  position: relative;
  background-color: #cccccc;
  border-radius: 10%;
  width: 2.666666666666667em;
  height: 2.666666666666667em;
  line-height: 2.666666666666667em;
  background-color: #cccccc;
}

.c3 {
  font-variant: tabular-nums;
  color: rgba(0,0,0,0.65);
  box-sizing: border-box;
  display: inline-block;
  text-align: center;
  white-space: nowrap;
  position: relative;
  background-color: #cccccc;
  border-radius: 50%;
  width: 2.666666666666667em;
  height: 2.666666666666667em;
  line-height: 2.666666666666667em;
  background-color: #cccccc;
}

.c4 {
  font-variant: tabular-nums;
  color: rgba(0,0,0,0.65);
  box-sizing: border-box;
  display: inline-block;
  text-align: center;
  white-space: nowrap;
  position: relative;
  background-color: #cccccc;
  border-radius: 10%;
  width: 2em;
  height: 2em;
  line-height: 2em;
}

.c7 {
  font-variant: tabular-nums;
  color: rgba(0,0,0,0.65);
  box-sizing: border-box;
  display: inline-block;
  text-align: center;
  white-space: nowrap;
  position: relative;
  background-color: #cccccc;
  border-radius: 10%;
  width: 2.666666666666667em;
  height: 2.666666666666667em;
  line-height: 2.666666666666667em;
}

.c9 {
  font-variant: tabular-nums;
  color: rgba(0,0,0,0.65);
  box-sizing: border-box;
  display: inline-block;
  text-align: center;
  white-space: nowrap;
  position: relative;
  background-color: #cccccc;
  border-radius: 10%;
  width: 3.3333333333333335em;
  height: 3.3333333333333335em;
  line-height: 3.3333333333333335em;
}

.c11 {
  font-variant: tabular-nums;
  color: rgba(0,0,0,0.65);
  box-sizing: border-box;
  display: inline-block;
  text-align: center;
  white-space: nowrap;
  position: relative;
  background-color: #cccccc;
  border-radius: 50%;
  width: 2em;
  height: 2em;
  line-height: 2em;
}

.c12 {
  font-variant: tabular-nums;
  color: rgba(0,0,0,0.65);
  box-sizing: border-box;
  display: inline-block;
  text-align: center;
  white-space: nowrap;
  position: relative;
  background-color: #cccccc;
  border-radius: 50%;
  width: 2.666666666666667em;
  height: 2.666666666666667em;
  line-height: 2.666666666666667em;
}

.c13 {
  font-variant: tabular-nums;
  color: rgba(0,0,0,0.65);
  box-sizing: border-box;
  display: inline-block;
  text-align: center;
  white-space: nowrap;
  position: relative;
  background-color: #cccccc;
  border-radius: 50%;
  width: 3.3333333333333335em;
  height: 3.3333333333333335em;
  line-height: 3.3333333333333335em;
}

.c14 {
  font-variant: tabular-nums;
  color: rgba(0,0,0,0.65);
  box-sizing: border-box;
  display: inline-block;
  text-align: center;
  white-space: nowrap;
  position: relative;
  background-color: #cccccc;
  border-radius: 10%;
  width: 2em;
  height: 2em;
  line-height: 2em;
  background-color: #cccccc;
}

.c16 {
  font-variant: tabular-nums;
  color: rgba(0,0,0,0.65);
  box-sizing: border-box;
  display: inline-block;
  text-align: center;
  white-space: nowrap;
  position: relative;
  background-color: #cccccc;
  border-radius: 10%;
  width: 3.3333333333333335em;
  height: 3.3333333333333335em;
  line-height: 3.3333333333333335em;
  background-color: #cccccc;
}

.c18 {
  font-variant: tabular-nums;
  color: rgba(0,0,0,0.65);
  box-sizing: border-box;
  display: inline-block;
  text-align: center;
  white-space: nowrap;
  position: relative;
  background-color: #cccccc;
  border-radius: 50%;
  width: 2em;
  height: 2em;
  line-height: 2em;
  background-color: #cccccc;
}

.c19 {
  font-variant: tabular-nums;
  color: rgba(0,0,0,0.65);
  box-sizing: border-box;
  display: inline-block;
  text-align: center;
  white-space: nowrap;
  position: relative;
  background-color: #cccccc;
  border-radius: 50%;
  width: 3.3333333333333335em;
  height: 3.3333333333333335em;
  line-height: 3.3333333333333335em;
  background-color: #cccccc;
}

.c5 {
  display: inline-block;
  font-style: normal;
  text-align: center;
  text-transform: none;
  vertical-align: middle !important;
  color: white;
  font-size: 1.2em;
}

.c8 {
  display: inline-block;
  font-style: normal;
  text-align: center;
  text-transform: none;
  vertical-align: middle !important;
  color: white;
  font-size: 1.8em;
}

.c10 {
  display: inline-block;
  font-style: normal;
  text-align: center;
  text-transform: none;
  vertical-align: middle !important;
  color: white;
  font-size: 2.2em;
}

.c2 {
  -webkit-user-select: none;
  -moz-user-select: none;
  -ms-user-select: none;
  user-select: none;
  color: white;
  width: 2.666666666666667em;
  height: 2.666666666666667em;
}

.c15 {
  -webkit-user-select: none;
  -moz-user-select: none;
  -ms-user-select: none;
  user-select: none;
  color: white;
  width: 2em;
  height: 2em;
}

.c17 {
  -webkit-user-select: none;
  -moz-user-select: none;
  -ms-user-select: none;
  user-select: none;
  color: white;
  width: 3.3333333333333335em;
  height: 3.3333333333333335em;
}

.c20 {
  vertical-align: middle;
  width: 2.666666666666667em;
  height: 2.666666666666667em;
  border-radius: 10%;
}

.c21 {
  vertical-align: middle;
  width: 2.666666666666667em;
  height: 2.666666666666667em;
  border-radius: 50%;
}

.c23 {
  overflow: hidden;
  color: white;
  display: inline-block;
  background: #f22735;
  height: 1.4rem;
  border-radius: 0.8rem;
  line-height: 1.4em;
  text-align: center;
  padding: 0 0.4rem;
  font-weight: normal;
  white-space: nowrap;
  box-shadow: 0 0 0 0.1rem #fff;
}

.c24 {
  -webkit-transition: all 0.3s cubic-bezier(0.645,0.045,0.355,1);
  transition: all 0.3s cubic-bezier(0.645,0.045,0.355,1);
  white-space: nowrap;
  text-align: center;
  -webkit-transform: translateY(-100%);
  -ms-transform: translateY(-100%);
  transform: translateY(-100%);
  height: 1.4rem;
  display: inline-block;
}

.c26 {
  -webkit-transition: all 0.3s cubic-bezier(0.645,0.045,0.355,1);
  transition: all 0.3s cubic-bezier(0.645,0.045,0.355,1);
  white-space: nowrap;
  text-align: center;
  -webkit-transform: translateY(0%);
  -ms-transform: translateY(0%);
  transform: translateY(0%);
  height: 1.4rem;
  display: inline-block;
}

.c25 {
  height: 1.4rem;
  text-align: center;
  box-sizing: border-box;
  margin: 0;
}

.c28 {
  font-size: 1rem;
  box-sizing: border-box;
  position: absolute;
  -webkit-transform: translateX(50%);
  -ms-transform: translateX(50%);
  transform: translateX(50%);
  -webkit-transform-origin: 100%;
  -ms-transform-origin: 100%;
  transform-origin: 100%;
  z-index: 10;
  background: #f22735;
  color: #ffffff;
}

.c27 {
  height: 1rem;
  width: 1rem;
  border-radius: 100%;
  z-index: 10;
  box-shadow: 0 0 0 0.1rem #fff;
}

.c22 {
  background: transparent;
  box-sizing: border-box;
  position: relative;
  display: inline-block;
}

.c0 {
  float: left;
  margin-left: 50px;
  text-align: center;
  padding: 20px;
}

<div>
  <div
    className="c0"
  >
    <span>
      <div
        className="c1"
        name="l"
        onBlur={[Function]}
        onClick={[Function]}
        onFocus={[Function]}
        onKeyDown={[Function]}
        onKeyPress={[Function]}
        onKeyUp={[Function]}
        shape="square"
        size="default"
        style={
          Object {
            "backgroundColor": "#cccccc",
            "color": "white",
            "margin": "1rem 0rem 0rem 1rem",
          }
        }
      >
        <span
          className="c2"
          size="default"
          style={
            Object {
              "color": "white",
            }
          }
        >
          l
        </span>
      </div>
    </span>
    <span>
      <div
        className="c1"
        name="lu"
        onBlur={[Function]}
        onClick={[Function]}
        onFocus={[Function]}
        onKeyDown={[Function]}
        onKeyPress={[Function]}
        onKeyUp={[Function]}
        shape="square"
        size="default"
        style={
          Object {
            "backgroundColor": "#cccccc",
            "color": "white",
            "margin": "1rem 0rem 0rem 1rem",
          }
        }
      >
        <span
          className="c2"
          size="default"
          style={
            Object {
              "color": "white",
            }
          }
        >
          lu
        </span>
      </div>
    </span>
    <span>
      <div
        className="c1"
        name="lug"
        onBlur={[Function]}
        onClick={[Function]}
        onFocus={[Function]}
        onKeyDown={[Function]}
        onKeyPress={[Function]}
        onKeyUp={[Function]}
        shape="square"
        size="default"
        style={
          Object {
            "backgroundColor": "#cccccc",
            "color": "white",
            "margin": "1rem 0rem 0rem 1rem",
          }
        }
      >
        <span
          className="c2"
          size="default"
          style={
            Object {
              "color": "white",
            }
          }
        >
          lug
        </span>
      </div>
    </span>
    <span>
      <div
        className="c1"
        name="lugia"
        onBlur={[Function]}
        onClick={[Function]}
        onFocus={[Function]}
        onKeyDown={[Function]}
        onKeyPress={[Function]}
        onKeyUp={[Function]}
        shape="square"
        size="default"
        style={
          Object {
            "backgroundColor": "#cccccc",
            "color": "white",
            "margin": "1rem 0rem 0rem 1rem",
          }
        }
      >
        <span
          className="c2"
          size="default"
          style={
            Object {
              "color": "white",
            }
          }
        >
          lugia
        </span>
      </div>
    </span>
    <br />
    <span>
      <div
        className="c3"
        name="l"
        onBlur={[Function]}
        onClick={[Function]}
        onFocus={[Function]}
        onKeyDown={[Function]}
        onKeyPress={[Function]}
        onKeyUp={[Function]}
        shape="circle"
        size="default"
        style={
          Object {
            "backgroundColor": "#cccccc",
            "color": "white",
            "margin": "1rem 0rem 0rem 1rem",
          }
        }
      >
        <span
          className="c2"
          size="default"
          style={
            Object {
              "color": "white",
            }
          }
        >
          l
        </span>
      </div>
    </span>
    <span>
      <div
        className="c3"
        name="lu"
        onBlur={[Function]}
        onClick={[Function]}
        onFocus={[Function]}
        onKeyDown={[Function]}
        onKeyPress={[Function]}
        onKeyUp={[Function]}
        shape="circle"
        size="default"
        style={
          Object {
            "backgroundColor": "#cccccc",
            "color": "white",
            "margin": "1rem 0rem 0rem 1rem",
          }
        }
      >
        <span
          className="c2"
          size="default"
          style={
            Object {
              "color": "white",
            }
          }
        >
          lu
        </span>
      </div>
    </span>
    <span>
      <div
        className="c3"
        name="lug"
        onBlur={[Function]}
        onClick={[Function]}
        onFocus={[Function]}
        onKeyDown={[Function]}
        onKeyPress={[Function]}
        onKeyUp={[Function]}
        shape="circle"
        size="default"
        style={
          Object {
            "backgroundColor": "#cccccc",
            "color": "white",
            "margin": "1rem 0rem 0rem 1rem",
          }
        }
      >
        <span
          className="c2"
          size="default"
          style={
            Object {
              "color": "white",
            }
          }
        >
          lug
        </span>
      </div>
    </span>
    <span>
      <div
        className="c3"
        name="lugia"
        onBlur={[Function]}
        onClick={[Function]}
        onFocus={[Function]}
        onKeyDown={[Function]}
        onKeyPress={[Function]}
        onKeyUp={[Function]}
        shape="circle"
        size="default"
        style={
          Object {
            "backgroundColor": "#cccccc",
            "color": "white",
            "margin": "1rem 0rem 0rem 1rem",
          }
        }
      >
        <span
          className="c2"
          size="default"
          style={
            Object {
              "color": "white",
            }
          }
        >
          lugia
        </span>
      </div>
    </span>
  </div>
  <div
    className="c0"
  >
    <span>
      <div
        className="c4"
        onBlur={[Function]}
        onClick={[Function]}
        onFocus={[Function]}
        onKeyDown={[Function]}
        onKeyPress={[Function]}
        onKeyUp={[Function]}
        shape="square"
        size="small"
        style={
          Object {
            "backgroundColor": "#cccccc",
            "color": "white",
            "margin": "1rem 0rem 0rem 1rem",
          }
        }
      >
        <span
          onMouseEnter={[Function]}
          onMouseLeave={[Function]}
        >
          <i
            className="lugia-icon-financial_user c5   c6"
            style={
              Object {
                "color": "white",
                "fontSize": "1.2rem",
              }
            }
          />
        </span>
      </div>
    </span>
    <span>
      <div
        className="c7"
        onBlur={[Function]}
        onClick={[Function]}
        onFocus={[Function]}
        onKeyDown={[Function]}
        onKeyPress={[Function]}
        onKeyUp={[Function]}
        shape="square"
        size="default"
        style={
          Object {
            "backgroundColor": "#cccccc",
            "color": "white",
            "margin": "1rem 0rem 0rem 1rem",
          }
        }
      >
        <span
          onMouseEnter={[Function]}
          onMouseLeave={[Function]}
        >
          <i
            className="lugia-icon-financial_user c8   c6"
            style={
              Object {
                "color": "white",
                "fontSize": "1.2rem",
              }
            }
          />
        </span>
      </div>
    </span>
    <span>
      <div
        className="c9"
        onBlur={[Function]}
        onClick={[Function]}
        onFocus={[Function]}
        onKeyDown={[Function]}
        onKeyPress={[Function]}
        onKeyUp={[Function]}
        shape="square"
        size="large"
        style={
          Object {
            "backgroundColor": "#cccccc",
            "color": "white",
            "margin": "1rem 0rem 0rem 1rem",
          }
        }
      >
        <span
          onMouseEnter={[Function]}
          onMouseLeave={[Function]}
        >
          <i
            className="lugia-icon-financial_user c10   c6"
            style={
              Object {
                "color": "white",
                "fontSize": "1.2rem",
              }
            }
          />
        </span>
      </div>
    </span>
    <br />
    <span>
      <div
        className="c11"
        onBlur={[Function]}
        onClick={[Function]}
        onFocus={[Function]}
        onKeyDown={[Function]}
        onKeyPress={[Function]}
        onKeyUp={[Function]}
        shape="circle"
        size="small"
        style={
          Object {
            "backgroundColor": "#cccccc",
            "color": "white",
            "margin": "1rem 0rem 0rem 1rem",
          }
        }
      >
        <span
          onMouseEnter={[Function]}
          onMouseLeave={[Function]}
        >
          <i
            className="lugia-icon-financial_user c5   c6"
            style={
              Object {
                "color": "white",
                "fontSize": "1.2rem",
              }
            }
          />
        </span>
      </div>
    </span>
    <span>
      <div
        className="c12"
        onBlur={[Function]}
        onClick={[Function]}
        onFocus={[Function]}
        onKeyDown={[Function]}
        onKeyPress={[Function]}
        onKeyUp={[Function]}
        shape="circle"
        size="default"
        style={
          Object {
            "backgroundColor": "#cccccc",
            "color": "white",
            "margin": "1rem 0rem 0rem 1rem",
          }
        }
      >
        <span
          onMouseEnter={[Function]}
          onMouseLeave={[Function]}
        >
          <i
            className="lugia-icon-financial_user c8   c6"
            style={
              Object {
                "color": "white",
                "fontSize": "1.2rem",
              }
            }
          />
        </span>
      </div>
    </span>
    <span>
      <div
        className="c13"
        onBlur={[Function]}
        onClick={[Function]}
        onFocus={[Function]}
        onKeyDown={[Function]}
        onKeyPress={[Function]}
        onKeyUp={[Function]}
        shape="circle"
        size="large"
        style={
          Object {
            "backgroundColor": "#cccccc",
            "color": "white",
            "margin": "1rem 0rem 0rem 1rem",
          }
        }
      >
        <span
          onMouseEnter={[Function]}
          onMouseLeave={[Function]}
        >
          <i
            className="lugia-icon-financial_user c10   c6"
            style={
              Object {
                "color": "white",
                "fontSize": "1.2rem",
              }
            }
          />
        </span>
      </div>
    </span>
  </div>
  <div
    className="c0"
  >
    <span>
      <div
        className="c14"
        name="lugia"
        onBlur={[Function]}
        onClick={[Function]}
        onFocus={[Function]}
        onKeyDown={[Function]}
        onKeyPress={[Function]}
        onKeyUp={[Function]}
        shape="square"
        size="small"
        style={
          Object {
            "backgroundColor": "#cccccc",
            "color": "white",
            "margin": "1rem 0rem 0rem 1rem",
          }
        }
      >
        <span
          className="c15"
          size="small"
          style={
            Object {
              "color": "white",
            }
          }
        >
          lugia
        </span>
      </div>
    </span>
    <span>
      <div
        className="c1"
        name="lugia"
        onBlur={[Function]}
        onClick={[Function]}
        onFocus={[Function]}
        onKeyDown={[Function]}
        onKeyPress={[Function]}
        onKeyUp={[Function]}
        shape="square"
        size="default"
        style={
          Object {
            "backgroundColor": "#cccccc",
            "color": "white",
            "margin": "1rem 0rem 0rem 1rem",
          }
        }
      >
        <span
          className="c2"
          size="default"
          style={
            Object {
              "color": "white",
            }
          }
        >
          lugia
        </span>
      </div>
    </span>
    <span>
      <div
        className="c16"
        name="lugia"
        onBlur={[Function]}
        onClick={[Function]}
        onFocus={[Function]}
        onKeyDown={[Function]}
        onKeyPress={[Function]}
        onKeyUp={[Function]}
        shape="square"
        size="large"
        style={
          Object {
            "backgroundColor": "#cccccc",
            "color": "white",
            "margin": "1rem 0rem 0rem 1rem",
          }
        }
      >
        <span
          className="c17"
          size="large"
          style={
            Object {
              "color": "white",
            }
          }
        >
          lugia
        </span>
      </div>
    </span>
    <br />
    <span>
      <div
        className="c18"
        name="lugia"
        onBlur={[Function]}
        onClick={[Function]}
        onFocus={[Function]}
        onKeyDown={[Function]}
        onKeyPress={[Function]}
        onKeyUp={[Function]}
        shape="circle"
        size="small"
        style={
          Object {
            "backgroundColor": "#cccccc",
            "color": "white",
            "margin": "1rem 0rem 0rem 1rem",
          }
        }
      >
        <span
          className="c15"
          size="small"
          style={
            Object {
              "color": "white",
            }
          }
        >
          lugia
        </span>
      </div>
    </span>
    <span>
      <div
        className="c3"
        name="lugia"
        onBlur={[Function]}
        onClick={[Function]}
        onFocus={[Function]}
        onKeyDown={[Function]}
        onKeyPress={[Function]}
        onKeyUp={[Function]}
        shape="circle"
        size="default"
        style={
          Object {
            "backgroundColor": "#cccccc",
            "color": "white",
            "margin": "1rem 0rem 0rem 1rem",
          }
        }
      >
        <span
          className="c2"
          size="default"
          style={
            Object {
              "color": "white",
            }
          }
        >
          lugia
        </span>
      </div>
    </span>
    <span>
      <div
        className="c19"
        name="lugia"
        onBlur={[Function]}
        onClick={[Function]}
        onFocus={[Function]}
        onKeyDown={[Function]}
        onKeyPress={[Function]}
        onKeyUp={[Function]}
        shape="circle"
        size="large"
        style={
          Object {
            "backgroundColor": "#cccccc",
            "color": "white",
            "margin": "1rem 0rem 0rem 1rem",
          }
        }
      >
        <span
          className="c17"
          size="large"
          style={
            Object {
              "color": "white",
            }
          }
        >
          lugia
        </span>
      </div>
    </span>
  </div>
  <div
    className="c0"
  >
    <span>
      <div
        className="c1"
        name="lugia"
        onBlur={[Function]}
        onClick={[Function]}
        onFocus={[Function]}
        onKeyDown={[Function]}
        onKeyPress={[Function]}
        onKeyUp={[Function]}
        shape="square"
        size="default"
        style={
          Object {
            "backgroundColor": "#cccccc",
            "color": "white",
            "margin": "1rem 0rem 0rem 1rem",
          }
        }
      >
        <span
          className="c2"
          size="default"
          style={
            Object {
              "color": "white",
            }
          }
        >
          lugia
        </span>
      </div>
    </span>
    <span>
      <div
        className="c7"
        onBlur={[Function]}
        onClick={[Function]}
        onFocus={[Function]}
        onKeyDown={[Function]}
        onKeyPress={[Function]}
        onKeyUp={[Function]}
        shape="square"
        size="default"
        style={
          Object {
            "backgroundColor": "#cccccc",
            "color": "white",
            "margin": "1rem 0rem 0rem 1rem",
          }
        }
      >
        <span
          onMouseEnter={[Function]}
          onMouseLeave={[Function]}
        >
          <i
            className="lugia-icon-financial_user c8   c6"
            style={
              Object {
                "color": "white",
                "fontSize": "1.2rem",
              }
            }
          />
        </span>
      </div>
    </span>
    <span>
      <div
        className="c7"
        onBlur={[Function]}
        onClick={[Function]}
        onFocus={[Function]}
        onKeyDown={[Function]}
        onKeyPress={[Function]}
        onKeyUp={[Function]}
        shape="square"
        size="default"
        src="http://192.168.102.73:8081/BigFrontend/Work/ued/lugia/raw/master/lugiaweb%E7%BB%84%E4%BB%B6/%E5%A4%B4%E5%83%8F/32.jpg"
        style={
          Object {
            "backgroundColor": "#cccccc",
            "color": "white",
            "margin": "1rem 0rem 0rem 1rem",
          }
        }
      >
        <img
          className="c20"
          shape="square"
          src="http://192.168.102.73:8081/BigFrontend/Work/ued/lugia/raw/master/lugiaweb%E7%BB%84%E4%BB%B6/%E5%A4%B4%E5%83%8F/32.jpg"
          style={
            Object {
              "color": "white",
            }
          }
        />
      </div>
    </span>
    <br />
    <span>
      <div
        className="c3"
        name="lugia"
        onBlur={[Function]}
        onClick={[Function]}
        onFocus={[Function]}
        onKeyDown={[Function]}
        onKeyPress={[Function]}
        onKeyUp={[Function]}
        shape="circle"
        size="default"
        style={
          Object {
            "backgroundColor": "#cccccc",
            "color": "white",
            "margin": "1rem 0rem 0rem 1rem",
          }
        }
      >
        <span
          className="c2"
          size="default"
          style={
            Object {
              "color": "white",
            }
          }
        >
          lugia
        </span>
      </div>
    </span>
    <span>
      <div
        className="c12"
        onBlur={[Function]}
        onClick={[Function]}
        onFocus={[Function]}
        onKeyDown={[Function]}
        onKeyPress={[Function]}
        onKeyUp={[Function]}
        shape="circle"
        size="default"
        style={
          Object {
            "backgroundColor": "#cccccc",
            "color": "white",
            "margin": "1rem 0rem 0rem 1rem",
          }
        }
      >
        <span
          onMouseEnter={[Function]}
          onMouseLeave={[Function]}
        >
          <i
            className="lugia-icon-financial_user c8   c6"
            style={
              Object {
                "color": "white",
                "fontSize": "1.2rem",
              }
            }
          />
        </span>
      </div>
    </span>
    <span>
      <div
        className="c12"
        onBlur={[Function]}
        onClick={[Function]}
        onFocus={[Function]}
        onKeyDown={[Function]}
        onKeyPress={[Function]}
        onKeyUp={[Function]}
        shape="circle"
        size="default"
        src="http://192.168.102.73:8081/BigFrontend/Work/ued/lugia/raw/master/lugiaweb%E7%BB%84%E4%BB%B6/%E5%A4%B4%E5%83%8F/32.jpg"
        style={
          Object {
            "backgroundColor": "#cccccc",
            "color": "white",
            "margin": "1rem 0rem 0rem 1rem",
          }
        }
      >
        <img
          className="c21"
          shape="circle"
          src="http://192.168.102.73:8081/BigFrontend/Work/ued/lugia/raw/master/lugiaweb%E7%BB%84%E4%BB%B6/%E5%A4%B4%E5%83%8F/32.jpg"
          style={
            Object {
              "color": "white",
            }
          }
        />
      </div>
    </span>
  </div>
  <div
    className="c0"
  >
    <span>
      <span
        className="c22"
        style={Object {}}
      >
        <span>
          <div
            className="c16"
            name="lugia"
            onBlur={[Function]}
            onClick={[Function]}
            onFocus={[Function]}
            onKeyDown={[Function]}
            onKeyPress={[Function]}
            onKeyUp={[Function]}
            shape="square"
            size="large"
            style={Object {}}
          >
            <span
              className="c17"
              size="large"
              style={Object {}}
            >
              lugia
            </span>
          </div>
        </span>
        <span>
          <div
            className=""
            style={Object {}}
          >
            <span
              className="c23"
              overflow={false}
              style={Object {}}
            >
              <span
                className="c24"
                style={Object {}}
                y={-100}
              >
                <p
                  className="c25"
                  style={Object {}}
                >
                  0
                </p>
                <p
                  className="c25"
                  style={Object {}}
                >
                  1
                </p>
                <p
                  className="c25"
                  style={Object {}}
                >
                  2
                </p>
                <p
                  className="c25"
                  style={Object {}}
                >
                  3
                </p>
                <p
                  className="c25"
                  style={Object {}}
                >
                  4
                </p>
                <p
                  className="c25"
                  style={Object {}}
                >
                  5
                </p>
                <p
                  className="c25"
                  style={Object {}}
                >
                  6
                </p>
                <p
                  className="c25"
                  style={Object {}}
                >
                  7
                </p>
                <p
                  className="c25"
                  style={Object {}}
                >
                  8
                </p>
                <p
                  className="c25"
                  style={Object {}}
                >
                  9
                </p>
              </span>
              <span
                className="c26"
                style={Object {}}
                y={-0}
              >
                <p
                  className="c25"
                  style={Object {}}
                >
                  0
                </p>
                <p
                  className="c25"
                  style={Object {}}
                >
                  1
                </p>
                <p
                  className="c25"
                  style={Object {}}
                >
                  2
                </p>
                <p
                  className="c25"
                  style={Object {}}
                >
                  3
                </p>
                <p
                  className="c25"
                  style={Object {}}
                >
                  4
                </p>
                <p
                  className="c25"
                  style={Object {}}
                >
                  5
                </p>
                <p
                  className="c25"
                  style={Object {}}
                >
                  6
                </p>
                <p
                  className="c25"
                  style={Object {}}
                >
                  7
                </p>
                <p
                  className="c25"
                  style={Object {}}
                >
                  8
                </p>
                <p
                  className="c25"
                  style={Object {}}
                >
                  9
                </p>
              </span>
            </span>
          </div>
        </span>
      </span>
    </span>
    <br />
    <br />
    <span>
      <span
        className="c22"
        style={Object {}}
      >
        <span>
          <div
            className="c16"
            name="lugia"
            onBlur={[Function]}
            onClick={[Function]}
            onFocus={[Function]}
            onKeyDown={[Function]}
            onKeyPress={[Function]}
            onKeyUp={[Function]}
            shape="square"
            size="large"
            style={Object {}}
          >
            <span
              className="c17"
              size="large"
              style={Object {}}
            >
              lugia
            </span>
          </div>
        </span>
        <sup
          className="c27   c28"
          style={Object {}}
        />
      </span>
    </span>
    <br />
    <br />
    <span>
      <span
        className="c22"
        style={Object {}}
      >
        <span>
          <div
            className="c13"
            onBlur={[Function]}
            onClick={[Function]}
            onFocus={[Function]}
            onKeyDown={[Function]}
            onKeyPress={[Function]}
            onKeyUp={[Function]}
            shape="circle"
            size="large"
            style={Object {}}
          >
            <span
              onMouseEnter={[Function]}
              onMouseLeave={[Function]}
            >
              <i
                className="lugia-icon-financial_user c10   c6"
                style={
                  Object {
                    "fontSize": "1.2rem",
                  }
                }
              />
            </span>
          </div>
        </span>
        <span>
          <div
            className=""
            style={Object {}}
          >
            <span
              className="c23"
              overflow={false}
              style={Object {}}
            >
              <span
                className="c24"
                style={Object {}}
                y={-100}
              >
                <p
                  className="c25"
                  style={Object {}}
                >
                  0
                </p>
                <p
                  className="c25"
                  style={Object {}}
                >
                  1
                </p>
                <p
                  className="c25"
                  style={Object {}}
                >
                  2
                </p>
                <p
                  className="c25"
                  style={Object {}}
                >
                  3
                </p>
                <p
                  className="c25"
                  style={Object {}}
                >
                  4
                </p>
                <p
                  className="c25"
                  style={Object {}}
                >
                  5
                </p>
                <p
                  className="c25"
                  style={Object {}}
                >
                  6
                </p>
                <p
                  className="c25"
                  style={Object {}}
                >
                  7
                </p>
                <p
                  className="c25"
                  style={Object {}}
                >
                  8
                </p>
                <p
                  className="c25"
                  style={Object {}}
                >
                  9
                </p>
              </span>
              <span
                className="c26"
                style={Object {}}
                y={-0}
              >
                <p
                  className="c25"
                  style={Object {}}
                >
                  0
                </p>
                <p
                  className="c25"
                  style={Object {}}
                >
                  1
                </p>
                <p
                  className="c25"
                  style={Object {}}
                >
                  2
                </p>
                <p
                  className="c25"
                  style={Object {}}
                >
                  3
                </p>
                <p
                  className="c25"
                  style={Object {}}
                >
                  4
                </p>
                <p
                  className="c25"
                  style={Object {}}
                >
                  5
                </p>
                <p
                  className="c25"
                  style={Object {}}
                >
                  6
                </p>
                <p
                  className="c25"
                  style={Object {}}
                >
                  7
                </p>
                <p
                  className="c25"
                  style={Object {}}
                >
                  8
                </p>
                <p
                  className="c25"
                  style={Object {}}
                >
                  9
                </p>
              </span>
            </span>
          </div>
        </span>
      </span>
    </span>
    <br />
    <br />
    <span>
      <span
        className="c22"
        style={Object {}}
      >
        <span>
          <div
            className="c13"
            onBlur={[Function]}
            onClick={[Function]}
            onFocus={[Function]}
            onKeyDown={[Function]}
            onKeyPress={[Function]}
            onKeyUp={[Function]}
            shape="circle"
            size="large"
            style={Object {}}
          >
            <span
              onMouseEnter={[Function]}
              onMouseLeave={[Function]}
            >
              <i
                className="lugia-icon-financial_user c10   c6"
                style={
                  Object {
                    "fontSize": "1.2rem",
                  }
                }
              />
            </span>
          </div>
        </span>
        <sup
          className="c27   c28"
          style={Object {}}
        />
      </span>
    </span>
  </div>
</div>
`;
