// Jest Snapshot v1, https://goo.gl/fbAQLP

exports[`Divider css 1`] = `
.c1 {
  display: table;
  white-space: nowrap;
  text-align: center;
  background: transparent;
  font-weight: 500;
  width: 50rem;
}

.c1::before {
  content: '';
  display: table-cell;
  position: relative;
  width: 40rem;
  border-top: 0.2rem solid red;
  -webkit-transform: translateY(50%);
  -ms-transform: translateY(50%);
  transform: translateY(50%);
}

.c1::after {
  content: '';
  display: table-cell;
  position: relative;
  width: 40rem;
  border-top: 0.2rem solid red;
  -webkit-transform: translateY(50%);
  -ms-transform: translateY(50%);
  transform: translateY(50%);
}

.c3 {
  display: table;
  white-space: nowrap;
  text-align: center;
  background: transparent;
  font-weight: 500;
  width: 50rem;
}

.c3::before {
  content: '';
  display: table-cell;
  position: relative;
  width: 40rem;
  border-top: 0.2rem dashed red;
  -webkit-transform: translateY(50%);
  -ms-transform: translateY(50%);
  transform: translateY(50%);
}

.c3::after {
  content: '';
  display: table-cell;
  position: relative;
  width: 40rem;
  border-top: 0.2rem dashed red;
  -webkit-transform: translateY(50%);
  -ms-transform: translateY(50%);
  transform: translateY(50%);
}

.c4 {
  margin: 0 0.6rem;
  display: inline-block;
  height: 100%;
  width: 0.1rem;
  vertical-align: middle;
  position: relative;
  background: #e8e8e8;
}

.c2 {
  display: inline-block;
  white-space: nowrap;
  text-align: center;
  background: transparent;
  font-weight: 500;
  color: rgba(0,0,0,0.85);
  margin: 0 0.6rem;
}

.c0 {
  float: left;
  margin-left: 50px;
}

<div>
  <div
    className="c0"
  >
    <p>
      solid 
    </p>
    <div
      className="c1"
      content="solid"
      style={
        Object {
          "height": "0.2rem",
          "width": "40rem",
        }
      }
    >
      <span
        className="c2"
        style={Object {}}
      >
        solid
      </span>
    </div>
    <p>
      dashed
    </p>
    <div
      className="c3"
      content="dashed"
      style={
        Object {
          "height": "0.2rem",
          "width": "40rem",
        }
      }
    >
      <span
        className="c2"
        style={Object {}}
      >
        dashed
      </span>
    </div>
  </div>
  <div
    className="c0"
  >
    <p>
      position left
    </p>
    <div
      className="c1"
      content="position left"
      style={
        Object {
          "height": "0.2rem",
          "width": "40rem",
        }
      }
    >
      <span
        className="c2"
        style={Object {}}
      >
        position left
      </span>
    </div>
    <p>
      position right
    </p>
    <div
      className="c1"
      content="position right"
      style={
        Object {
          "height": "0.2rem",
          "width": "40rem",
        }
      }
    >
      <span
        className="c2"
        style={Object {}}
      >
        position right
      </span>
    </div>
    <div
      className="c1"
      style={
        Object {
          "height": "0.2rem",
          "width": "40rem",
        }
      }
    />
    <p>
      "不用思考.因为我帮你想好了",这是lugia设计的重要原则之一.
    </p>
    <div
      className="c1"
      style={
        Object {
          "height": "0.2rem",
          "width": "40rem",
        }
      }
    />
  </div>
  <div
    className="c0"
  >
    <p>
      type vertical
    </p>
    <div
      style={
        Object {
          "height": 20,
        }
      }
    >
      text
      <div
        className="c4"
        style={
          Object {
            "backgroundColor": "blue",
            "height": "1rem",
            "width": "0.2rem",
          }
        }
      />
      text
      <div
        className="c4"
        style={
          Object {
            "backgroundColor": "blue",
            "height": "1rem",
            "width": "0.2rem",
          }
        }
      />
      text
      <div
        className="c4"
        style={
          Object {
            "backgroundColor": "blue",
            "height": "1rem",
            "width": "0.2rem",
          }
        }
      />
      text
      <div
        className="c4"
        style={
          Object {
            "backgroundColor": "blue",
            "height": "1rem",
            "width": "0.2rem",
          }
        }
      />
      text
    </div>
  </div>
</div>
`;
