// Jest Snapshot v1, https://goo.gl/fbAQLP

exports[`Notification css 1`] = `
.c0 {
  display: inline-block;
  margin-bottom: 0;
  text-align: center;
  touch-action: manipulation;
  cursor: pointer;
  white-space: nowrap;
  line-height: 1;
  font-family: Trebuchet Ms,Arial,Helvetica,sans-serif;
  -webkit-user-select: none;
  -moz-user-select: none;
  -ms-user-select: none;
  user-select: none;
  -webkit-transition: all 0.3s cubic-bezier(0.645,0.045,0.355,1);
  transition: all 0.3s cubic-bezier(0.645,0.045,0.355,1);
  position: relative;
  text-transform: none;
  outline: 0;
  vertical-align: bottom;
  color: #666666;
  background-color: #ffffff;
  border: 1px solid #cccccc;
  height: 2.666666666666667em;
  padding: 0.8333333333333334em;
  font-size: 1em;
  border-radius: 0.33333333333333337em;
}

.c0:hover {
  color: #8090ff;
  border: 1px solid #8090ff;
  background-color: rgba(77,99,255,0.05);
}

.c0:focus {
  color: #8090ff;
  border: 1px solid #8090ff;
  background-color: rgba(77,99,255,0.05);
}

.c0:active {
  color: #3e4fcc;
  border: 1px solid #3e4fcc;
}

<div>
  <br />
  <br />
  <button
    className="c0"
    onClick={[Function]}
    onMouseDown={[Function]}
    onMouseEnter={[Function]}
    onMouseOut={[Function]}
    onMouseOver={[Function]}
    onMouseUp={[Function]}
  >
    <span>
      基本用法
    </span>
  </button>
  <br />
  <br />
  <button
    className="c0"
    onClick={[Function]}
    onMouseDown={[Function]}
    onMouseEnter={[Function]}
    onMouseOut={[Function]}
    onMouseOver={[Function]}
    onMouseUp={[Function]}
  >
    <span>
      自定义延时关闭
    </span>
  </button>
    
  <button
    className="c0"
    onClick={[Function]}
    onMouseDown={[Function]}
    onMouseEnter={[Function]}
    onMouseOut={[Function]}
    onMouseOver={[Function]}
    onMouseUp={[Function]}
  >
    <span>
      自定义延时关闭
    </span>
  </button>
  <br />
  <br />
  <button
    className="c0"
    onClick={[Function]}
    onMouseDown={[Function]}
    onMouseEnter={[Function]}
    onMouseOut={[Function]}
    onMouseOver={[Function]}
    onMouseUp={[Function]}
  >
    <span>
      info
    </span>
  </button>
    
  <button
    className="c0"
    onClick={[Function]}
    onMouseDown={[Function]}
    onMouseEnter={[Function]}
    onMouseOut={[Function]}
    onMouseOver={[Function]}
    onMouseUp={[Function]}
  >
    <span>
      success
    </span>
  </button>
    
  <button
    className="c0"
    onClick={[Function]}
    onMouseDown={[Function]}
    onMouseEnter={[Function]}
    onMouseOut={[Function]}
    onMouseOver={[Function]}
    onMouseUp={[Function]}
  >
    <span>
      error
    </span>
  </button>
    
  <button
    className="c0"
    onClick={[Function]}
    onMouseDown={[Function]}
    onMouseEnter={[Function]}
    onMouseOut={[Function]}
    onMouseOver={[Function]}
    onMouseUp={[Function]}
  >
    <span>
      warning
    </span>
  </button>
    
  <br />
  <br />
  <button
    className="c0"
    onClick={[Function]}
    onMouseDown={[Function]}
    onMouseEnter={[Function]}
    onMouseOut={[Function]}
    onMouseOver={[Function]}
    onMouseUp={[Function]}
  >
    <span>
      自定义图标
    </span>
  </button>
  <br />
  <br />
  <button
    className="c0"
    onClick={[Function]}
    onMouseDown={[Function]}
    onMouseEnter={[Function]}
    onMouseOut={[Function]}
    onMouseOver={[Function]}
    onMouseUp={[Function]}
  >
    <span>
      自定义方向-bottomLeft
    </span>
  </button>
    
  <button
    className="c0"
    onClick={[Function]}
    onMouseDown={[Function]}
    onMouseEnter={[Function]}
    onMouseOut={[Function]}
    onMouseOver={[Function]}
    onMouseUp={[Function]}
  >
    <span>
      自定义方向-bottomRight
    </span>
  </button>
    
  <button
    className="c0"
    onClick={[Function]}
    onMouseDown={[Function]}
    onMouseEnter={[Function]}
    onMouseOut={[Function]}
    onMouseOver={[Function]}
    onMouseUp={[Function]}
  >
    <span>
      自定义方向-topLeft
    </span>
  </button>
</div>
`;
