// Jest Snapshot v1, https://goo.gl/fbAQLP

exports[`Icon iconClass: lugia-icon-reminder_close_circle_o 1`] = `
.c0 {
  -webkit-user-select: none;
  -moz-user-select: none;
  -ms-user-select: none;
  user-select: none;
  cursor: pointer;
}

<span
  onMouseEnter={[Function]}
  onMouseLeave={[Function]}
>
  <i
    className="lugia-icon-reminder_close_circle_o   c0"
    style={Object {}}
  />
</span>
`;
