// Jest Snapshot v1, https://goo.gl/fbAQLP

exports[`Rate Test css 1`] = `
.c5 {
  -webkit-user-select: none;
  -moz-user-select: none;
  -ms-user-select: none;
  user-select: none;
  cursor: pointer;
}

.c2 {
  width: 100%;
  display: none;
}

.c1 {
  width: 366px;
  position: relative;
  display: -webkit-box;
  display: -webkit-flex;
  display: -ms-flexbox;
  display: flex;
  -webkit-flex-wrap: wrap;
  -ms-flex-wrap: wrap;
  flex-wrap: wrap;
  box-sizing: border-box;
}

.c3 {
  width: 346px;
  height: 30px;
  border: 1px solid #e8e8e8;
  border-radius: 4px;
  color: #ccc;
  padding: 0 0 0 10px;
  line-height: 30px;
  overflow: hidden;
  box-sizing: border-box;
  position: relative;
}

.c3.done {
  border: 1px solid #684fff;
  color: #333;
  position: relative;
}

.c3.done i {
  -webkit-transform: translateY(-50%);
  -ms-transform: translateY(-50%);
  transform: translateY(-50%);
  position: absolute;
  top: 50%;
  right: 10px;
}

.c3.loading {
  border: 1px solid #684fff;
}

.c3.loading .loadIcon {
  margin-right: 10px;
  color: #684fff;
  -webkit-animation: iVXCSc 0.8s linear infinite;
  animation: iVXCSc 0.8s linear infinite;
}

.c3.hasBtn {
  border-radius: 4px 0 0 4px;
  border: 1px solid #9482ff;
  width: 286px;
}

.c3 i.right {
  -webkit-transform: translateY(-50%);
  -ms-transform: translateY(-50%);
  transform: translateY(-50%);
  position: absolute;
  top: 50%;
  right: 10px;
}

.c3 i.success {
  color: #56c22d;
}

.c3 i.error {
  color: #f22735;
}

.c4.loadIcon {
  margin-right: 10px;
}

.c0 {
  width: 366px;
  position: relative;
  padding: 10px;
}

<div
  className="c0"
>
  <div
    className="c1"
  >
    <input
      accept="*"
      className="c2"
      id="upload"
      multiple={false}
      onChange={[Function]}
      type="file"
    />
    <div
      className="default c3"
      onClick={[Function]}
    >
      <i
        className="lugia-icon-financial_upload right c4 c5"
      />
       
      请将文件拖到此处
    </div>
  </div>
   
</div>
`;
