// Jest Snapshot v1, https://goo.gl/fbAQLP

exports[`Col css 1`] = `
.c0 {
  display: block;
  box-sizing: border-box;
  float: left;
  position: relative;
  width: 25%;
  margin-left: 0%;
}

.c1 {
  display: block;
  box-sizing: border-box;
  float: left;
  position: relative;
  width: 25%;
  margin-left: 25%;
}

.c2 {
  display: block;
  box-sizing: border-box;
  float: left;
  position: relative;
  width: 25%;
  margin-left: 0%;
  left: 25%;
}

.c3 {
  display: block;
  box-sizing: border-box;
  float: left;
  position: relative;
  width: 25%;
  margin-left: 0%;
  right: 25%;
}

.c4 {
  display: block;
  box-sizing: border-box;
  float: left;
  position: relative;
  width: 25%;
  margin-left: 0%;
  -webkit-order: 1;
  -ms-flex-order: 1;
  order: 1;
}

<div>
  <div
    className="c0"
    onMouseEnter={[Function]}
    onMouseOut={[Function]}
    onMouseOver={[Function]}
    span={6}
  >
    col-6
  </div>
  <br />
  <div
    className="c1"
    offset={6}
    onMouseEnter={[Function]}
    onMouseOut={[Function]}
    onMouseOver={[Function]}
    span={6}
  >
    col-6 col-offset-6
  </div>
  <br />
  <div
    className="c2"
    onMouseEnter={[Function]}
    onMouseOut={[Function]}
    onMouseOver={[Function]}
    span={6}
  >
    col-6 col-push-6
  </div>
  <br />
  <div
    className="c3"
    onMouseEnter={[Function]}
    onMouseOut={[Function]}
    onMouseOver={[Function]}
    span={6}
  >
    col-6 col-pull-6
  </div>
  <br />
  <div
    className="c4"
    onMouseEnter={[Function]}
    onMouseOut={[Function]}
    onMouseOver={[Function]}
    order={1}
    span={6}
  >
    col-6 col-order-1
  </div>
  <br />
</div>
`;
